v24.19.0

up to date, audited 1 package in 500ms

found 0 vulnerabilities
✔ non-configurable host-brand probe authority fails closed (67.769811ms)
✔ proxy-backed host constructors are rejected before proxy traps execute (66.323577ms)
✔ temporary host-brand authority restores the exact prior descriptor (67.385808ms)
✔ stateful host constructor lookup is captured once and fails closed (61.739457ms)
✔ proxy-backed shared host-brand constructor authority fails closed (66.104347ms)
✔ bound host constructor without usable probe fails closed (64.880268ms)
✔ proxy-backed Headers brand method is rejected without executing traps (63.867072ms)
✔ ordinary throwing Headers brand method is rejected before execution (67.969468ms)
✔ concise spoofed Headers brand method is rejected without execution (63.509643ms)
✔ replacement Headers constructor cannot borrow the genuine prototype authority (64.418086ms)
✔ module-owned URL probe survives a missing ambient URL constructor (62.793276ms)
✔ proxy-backed replacement constructor prototype is never inspected (65.427278ms)
✔ poisoned String includes is not probe authority (66.756038ms)
✔ module-owned URLSearchParams probe works without the ambient constructor (62.068874ms)
✔ URLPattern brand detection does not depend on its ambient getter shape (63.874609ms)
✔ untrusted lazy Headers accessor is rejected without executing it (62.311358ms)
✔ module-owned Blob slice authenticates rewritten Blob without rejecting plain data (63.783202ms)
✔ prototype-rewritten AbortController uses captured private-brand authority (62.834569ms)
✔ untrusted lazy AbortController accessor fails closed without execution (44.668095ms)
ℹ tests 19
ℹ suites 0
ℹ pass 19
ℹ fail 0
ℹ cancelled 0
ℹ skipped 0
ℹ todo 0
ℹ duration_ms 1278.475598

> gotcha-ai@0.1.0 test
> node --test

✔ cloneAiData accepts AI-safe primitives (4.222929ms)
✔ cloneAiData normalizes negative zero (0.216036ms)
✔ cloneAiData clones nested AI-safe data (4.749265ms)
✔ cloneAiData creates an isolated copy (1.126365ms)
✔ cloneAiData accepts null-prototype plain objects (0.813727ms)
✔ cloneAiData handles shared references as data (1.926165ms)
✔ snapshotAiData returns deeply frozen isolated data (4.532709ms)
✔ cloneAiData rejects undefined (2.377763ms)
✔ cloneAiData rejects functions (0.790293ms)
✔ cloneAiData rejects symbol values (0.969109ms)
✔ cloneAiData rejects bigint values (0.737855ms)
✔ cloneAiData rejects non-finite numbers (1.81642ms)
✔ cloneAiData rejects top-level Proxy without invoking traps (0.21293ms)
✔ cloneAiData rejects nested Proxy without invoking traps (0.778782ms)
✔ cloneAiData rejects accessor properties without invoking getters (0.723638ms)
✔ cloneAiData rejects nested accessor properties without invoking getters (1.610112ms)
✔ cloneAiData rejects sparse arrays (0.809731ms)
✔ cloneAiData rejects accessor-backed array elements without invoking getters (0.803078ms)
✔ cloneAiData rejects extra named array properties (0.820991ms)
✔ cloneAiData rejects non-enumerable object properties (0.757862ms)
✔ cloneAiData rejects non-enumerable array elements (0.8047ms)
✔ cloneAiData rejects symbol-keyed object properties (0.758023ms)
✔ cloneAiData rejects symbol-keyed array properties (0.756851ms)
✔ cloneAiData rejects custom class instances (0.787909ms)
✔ cloneAiData rejects Date (0.177774ms)
✔ cloneAiData rejects Map (0.163146ms)
✔ cloneAiData rejects Set (0.163437ms)
✔ cloneAiData rejects RegExp (0.177674ms)
✔ cloneAiData rejects Promise (0.154159ms)
✔ cloneAiData rejects Buffer (0.175349ms)
✔ cloneAiData rejects objects with custom prototypes (0.773081ms)
✔ cloneAiData rejects Array subclasses (0.975501ms)
✔ cloneAiData rejects direct cycles (1.28931ms)
✔ cloneAiData rejects deep cycles (2.488973ms)
✔ cloneAiData rejects prototype-tampered Date objects (0.261691ms)
✔ cloneAiData rejects prototype-tampered Map objects (0.331823ms)
✔ cloneAiData rejects prototype-tampered Set objects (0.790835ms)
✔ cloneAiData rejects prototype-tampered RegExp objects (0.175289ms)
✔ cloneAiData rejects prototype-tampered Promise objects (0.222959ms)
✔ cloneAiData rejects prototype-tampered Buffer objects (0.197641ms)
✔ cloneAiData preserves shared aliases without amplification (19.540603ms)
✔ cloneAiData rejects prototype-tampered host runtime objects (1.253103ms)
✔ freezeAiData rejects Proxy without invoking traps (0.192051ms)
✔ freezeAiData rejects accessors without invoking getters (0.723178ms)
✔ bare CLI prints helpful guidance (39.257287ms)
✔ --help prints usage (44.385202ms)
✔ demo prints deterministic Gotcha flow (99.276435ms)
✔ unknown command fails cleanly (33.3829ms)
✔ runContractAttacks runs a generated attack through the deterministic engine (32.028205ms)
✔ positive control must pass before generator runs (8.429836ms)
✔ generator receives isolated copies of trusted inputs (23.590122ms)
✔ identical generated outputs for the same rule are deduplicated (29.702519ms)
✔ identical outputs across different rules preserve rule attribution and severity ranking (39.525209ms)
✔ unchanged generated outputs are discarded (17.990062ms)
✔ generator then accessor is rejected without invoking getter (10.652458ms)
✔ generator custom then function is rejected without invocation (9.717092ms)
✔ evaluator object result is rejected without reading then accessor (7.382218ms)
✔ evaluator Proxy result is rejected without invoking traps (9.674902ms)
✔ async evaluators remain unsupported (9.422379ms)
✔ normal async generator is supported (18.794352ms)
✔ native generator Promise constructor accessor is bypassed without invocation (20.023018ms)
✔ native generator Promise then accessor is bypassed without invocation (18.594016ms)
✔ compiled generated rule and output remain frozen (28.471959ms)
✔ experiment array construction stays aligned with an already-cached M8 core (111.134619ms)
✔ synchronous matching-label snapshots cannot preempt genuine generator evidence (30.659863ms)
✔ wrapper append uses the core-owned defineProperty authority (107.696574ms)
✔ wire probing uses core-owned JSON authorities (103.710582ms)
✔ core authority does not depend on a preloaded experiment-intrinsics module (133.485473ms)
✔ experiment seed capture does not execute a Proxy prototype trap (17.78164ms)
✔ experiment validation uses captured Set methods (23.501909ms)
✔ generator evidence ignores a callback-time global String replacement (153.271689ms)
✔ experiment brand probes stay aligned when the core was initialized first (136.183896ms)
✔ seed capture ignores a tampered Array iterator (22.391164ms)
✔ seed capture ignores a non-configurable writable poisoned Array iterator (114.843983ms)
✔ missing generator attacks does not invoke an inherited getter (18.657337ms)
✔ proxied attacks array is rejected before descriptor traps execute (18.144021ms)
✔ experiment capture works when the M8 core is already cached (133.598438ms)
✔ snapshot listener survives selective hook cache eviction (116.992462ms)
✔ later matching-label snapshots cannot overwrite genuine generator evidence (20.729184ms)
✔ Promise-returning generator captures settled output (30.505346ms)
✔ safe experiment module exposes no active-context evidence setter (0.761279ms)
✔ cached core owns Array prototype authority across wrapper load tampering (115.327919ms)
✔ cached core owns Object prototype authority across wrapper load tampering (134.917975ms)
✔ core experiment authority export is immutable (104.213387ms)
✔ non-V1 retained attack output falls back without rejecting M8 (46.662227ms)
✔ non-ordinary rules array makes only the experiment non-replayable (23.231345ms)
✔ experiment is an own ordinary property despite inherited setter (19.586999ms)
✔ retention-time frozen output evidence produces non-replayable experiment (27.606753ms)
✔ retention-time negative zero score evidence produces non-replayable experiment (23.138807ms)
✔ captured trim intrinsic controls experiment string validation (16.586898ms)
✔ deep valid wire trees do not depend on JavaScript recursion depth (30487.781302ms)
✔ prepare returns the exact awaiting-confirmation checkpoint surface (55.133489ms)
✔ prepare captures proposal authority before caller mutation (42.443304ms)
✔ prepare outer boundary rejects malformed surfaces without executing accessors (24.186747ms)
✔ prototype-rewritten covered brands reject at the prepare boundary (19.65624ms)
✔ JSON-reconstructed checkpoint is structurally accepted unconditionally (23.023611ms)
✔ checkpoint wrapper predicate rejects alternate surfaces before confirmation (22.819859ms)
✔ malformed nested draft is rejected by M10 rather than trusted by the wrapper (20.403743ms)
✔ reject stops the quality loop before verification or evaluator execution (30.286546ms)
✔ accept delegates to M10 verification and mirrors its state (106.83184ms)
✔ edit authority is captured synchronously and only the original human edit reaches M10 (91.634351ms)
✔ complete captures evaluator identities before confirmation settles (74.697186ms)
✔ complete outer boundary rejects malformed option surfaces (22.606788ms)
✔ M12 retains the three M10 entry-point identities captured at module initialization (103.628216ms)
✔ all three M10 entry points satisfy the hidden fresh-Promise integration invariant (0.419928ms)
✔ M12 Promise observation does not execute hostile inherited constructor or species hooks (41.24629ms)
✔ public fulfillment roots ignore inherited Object.prototype.then (114.44894ms)
✔ boundary failures use the TypeError captured before later global replacement (0.553279ms)
✔ accept confirms the draft without changing protection text (30.255367ms)
✔ edit confirms and changes only protection.statement (24.278286ms)
✔ reject returns a rejected protection artifact (20.13599ms)
✔ confirmation accepts only draft status (30.882474ms)
✔ decision schema is exact and edit statement must be non-empty (25.945607ms)
✔ confirmation captures decision authority synchronously (26.237996ms)
✔ malformed confirm option surface rejects asynchronously (25.8145ms)
✔ draftContractProtection builds the bound draft artifact (42.692204ms)
✔ draft invocation captures proposal authority synchronously (31.978614ms)
✔ draft rejects a non-survivor source attack with local TypeError (26.672981ms)
✔ draft rejects malformed top-level option surface asynchronously (24.361623ms)
✔ draft rejects non-replayable experiments before proposal processing (0.415289ms)
✔ captured Proxy authority prevents synchronous traps after util.types tampering (100.046532ms)
✔ core-owned Promise authority survives preloaded-core global Promise replacement (101.460236ms)
✔ core-owned JSON authority survives preloaded-core JSON replacement (145.509228ms)
✔ survivor binding ignores poisoned Array.prototype.includes (52.815686ms)
✔ captured Set operations preserve whole-options alias rejection (31.398593ms)
✔ array capture does not invoke inherited numeric setters (154.636634ms)
✔ inherited then cannot hijack draft Promise resolution (148.959724ms)
✔ duplicate survivor IDs reject (32.884582ms)
✔ FAIL outcomes require survived to be exactly false (34.695301ms)
✔ more than 20 attacks reject before drafting (27.006007ms)
✔ returned draft canonicalizes embedded schema-record key order (27.516525ms)
✔ unchanged and same-rule duplicate retained attacks reject (57.569562ms)
✔ forbidden branded top-level option records reject after prototype rewriting (23.599182ms)
✔ survivor rank order must match deterministic M8 ranking (33.322074ms)
✔ verifyContractProtection verifies source elimination with no regression (106.769824ms)
✔ baseline mismatch gates improved evaluator completely (68.347265ms)
✔ baseline positive-control false resolves the exact partial state (48.267781ms)
✔ baseline callback throw resolves baseline-execution-failed (41.066199ms)
✔ improved positive-control false resolves without an after replay (48.573374ms)
✔ complete replay reports regression precedence even when source is caught (70.073085ms)
✔ complete replay reports source-finding-still-survives (82.738831ms)
✔ verification captures confirmed protection synchronously (64.002087ms)
✔ verification rejects non-confirmed artifacts before callbacks (22.241303ms)
✔ verification ignores inherited Object.prototype thenables across internal replay boundaries (68.268296ms)
✔ verification shields internal Promise observations from hostile species and constructor hooks (26.040194ms)
✔ third proof domain uses only the public Gotcha entry point (1.125372ms)
✔ third unrelated structured-data domain runs the complete Gotcha flow (91.139509ms)
✔ same public API adapts to different evaluator logic (4.739256ms)
✔ an external eval harness can run different eval cases through runGotcha (0.902274ms)
✔ successful M8 results append one replayable Revision 20 experiment (31.249741ms)
✔ experiment case authority is captured before callbacks can mutate caller data (12.662972ms)
✔ successful M8 runs emit the exact non-replayable variant for unsupported wire cases (13.672076ms)
✔ cloneAiData canonicalizes cross-realm plain objects and arrays (7.026972ms)
✔ cloneAiData rejects spoofed ordinary-object prototype signatures (1.0706ms)
✔ cloneAiData rejects spoofed ordinary-array prototype signatures (0.843653ms)
✔ cloneAiData still rejects cross-realm custom prototypes (1.776866ms)
✔ cloneAiData rejects prototype-tampered hidden-slot runtime objects (47.40401ms)
✔ rejected async evaluators are observed before the deterministic async error is reported (28.654122ms)
✔ Promise intrinsic tampering fails before evaluator or generator execution (2.937645ms)
✔ cross-realm generator Promises are bridged without foreign hooks (23.14534ms)
✔ Promise subclasses are bridged without executing Symbol.species (21.175279ms)
✔ rejected cross-realm and subclass generator Promises do not leak unhandled rejections (28.335753ms)
✔ shadowed Promise constructor and then hooks are bypassed safely (11.409348ms)
✔ M8 package entry point exposes runContractAttacks (4.06398ms)
✔ hardened foreign fallback rejects modified intrinsic prototypes before evaluator execution (5.645799ms)
✔ frozen fallback provenance is preserved per source realm (39.041743ms)
✔ foreign intrinsic surfaces are restored after trusted evaluator mutation (25.116039ms)
✔ node:crypto webcrypto subtle is captured even without the global crypto singleton (75.930029ms)
✔ opaque sqlite session capability is erased by canonical own-data projection (8.572963ms)
✔ mutable foreign instanceof preserves negative and positive per-node provenance (33.032731ms)
✔ frozen foreign prototypes apply only to mapped foreign nodes (24.761353ms)
✔ same-named native substitution cannot authenticate a foreign intrinsic surface (3.027253ms)
✔ Promise.prototype.then is restored after synchronous generator mutation (11.569068ms)
✔ Promise.prototype.then is restored after async post-await generator mutation (11.294322ms)
✔ native forEach collisions fail foreign intrinsic authentication (8.207948ms)
✔ foreign Function.prototype getters stay behind detached method shadows (22.251692ms)
✔ nested unscopables mutations are restored through async settlement (14.901654ms)
✔ local instanceof stays false for exact foreign snapshot nodes (27.472631ms)
✔ shared intrinsic method own properties are restored (11.487625ms)
✔ Headers and FormData brands remain rejected when own data is added (4.13953ms)
✔ WebAssembly hidden-slot families fail closed without structuredClone fallback (1.770364ms)
✔ non-extensible cross-realm rejected Promises are observed (36.246173ms)
✔ generator data uses detached safe prototypes without exposing shared built-ins (31.133866ms)
✔ callback-time Promise intrinsic tampering observes rejection before failing closed (128.207046ms)
✔ rejected non-extensible foreign Promises with frozen standard prototypes are observed (36.339548ms)
✔ prototype-tampered vm.Script remains an unsupported runtime object without executing code (1.62999ms)
✔ deep acyclic AI-safe objects remain supported without recursive structuredClone probing (3330.328703ms)
✔ evaluator-facing arrays cannot expose or mutate the process Array.prototype (27.873476ms)
✔ callback-time Object.freeze tampering cannot disable detached frozen snapshots (145.123267ms)
✔ deep unchanged outputs use stack-safe equality (8694.336412ms)
✔ contextified vm objects fail the AI-data boundary (1.514032ms)
✔ Promise detection survives callback tampering without unhandled rejection (160.61027ms)
✔ generator schema rejects inherited required fields (144.99704ms)
✔ evaluator-facing arrays preserve instanceof Array (30.328415ms)
✔ generator Map.prototype tampering cannot forge rule attribution (30.877396ms)
✔ non-configurable safe Promise constructors remain observable (130.566971ms)
✔ evaluator-facing plain objects preserve instanceof Object (28.866611ms)
✔ normalized scores ignore Object.prototype setters (30.109584ms)
✔ active AsyncLocalStorage objects fail the AI-data boundary (0.925227ms)
✔ nested contract attacks preserve outer Array instanceof semantics (34.038299ms)
✔ String.trim tampering cannot admit empty metadata (19.429255ms)
✔ confirmed contracts require own top-level fields (114.632878ms)
✔ confirmed contract rules require own fields (3.918486ms)
✔ Set prototype tampering cannot bypass duplicate attack IDs (22.980982ms)
✔ Number.isFinite tampering cannot admit invalid scores (17.680602ms)
✔ evaluator prototype tampering cannot corrupt engine aggregation (26.44215ms)
✔ async generator intrinsic mutations are restored after settlement (39.71714ms)
✔ non-configurable undefined Promise constructors are safely observed (136.431445ms)
✔ iterative equality memoizes shared object pairs (173.009388ms)
✔ generator arguments retain detached standard array methods (23.73616ms)
✔ cross-realm evaluators preserve ordinary instanceof Array semantics (23.130782ms)
✔ prototype-tampered WebAssembly.Tag values fail closed (0.997753ms)
✔ prototype-tampered WebAssembly.Exception values fail closed (0.573367ms)
✔ shared array iterator prototypes are restored after evaluators (16.288267ms)
✔ overlapping async generators restore one coordinated intrinsic baseline (174.632364ms)
✔ non-configurable foreign standard Promise constructors are safely observed (131.26168ms)
✔ frozen cross-realm constructors do not abort evaluators that need no override (37.046607ms)
✔ prototype-tampered MessagePort values fail closed (1.372758ms)
✔ overlapping runs restore the active baseline before preprocessing (178.248994ms)
✔ intrinsic restoration does not depend on the mutable Array Iterator (151.348268ms)
✔ frozen cross-realm Array and Object constructors preserve instanceof semantics (63.091019ms)
✔ proxy array prototypes are rejected before getPrototypeOf traps execute (6.663309ms)
✔ inactive prototype-tampered AsyncLocalStorage values fail closed (0.930446ms)
✔ null-prototype expected objects keep instanceof Object false (16.549548ms)
✔ prototype-tampered crypto.subtle singleton fails closed (0.407215ms)
✔ prototype-tampered URLPattern instances fail closed when supported (0.454804ms)
✔ borrowed safe array methods preserve the method realm (78.829946ms)
✔ borrowing local and foreign safe methods preserves the method realm (26.720442ms)
✔ frozen local Array/Object constructors preserve positive control and candidate instanceof (156.153945ms)
✔ generated candidates inherit a frozen foreign array realm semantics (51.451529ms)
✔ generated candidates inherit matching foreign object and nested array semantics (41.394579ms)
✔ README documents the public contract-attack bridge (0.620024ms)
✔ generated arrays inherit a foreign object root realm without an expected array sample (87.083911ms)
✔ foreign array-producing safe methods preserve evaluator realm semantics (46.787894ms)
✔ local array-producing safe methods preserve local instanceof semantics (18.200096ms)
✔ derived foreign arrays remain negative for the local Array constructor (23.425506ms)
✔ non-configurable host-brand probe authority fails closed (97.98245ms)
✔ proxy-backed host constructors are rejected before proxy traps execute (93.336151ms)
✔ temporary host-brand authority restores the exact prior descriptor (96.027411ms)
✔ stateful host constructor lookup is captured once and fails closed (92.130976ms)
✔ proxy-backed shared host-brand constructor authority fails closed (95.660444ms)
✔ bound host constructor without usable probe fails closed (94.991497ms)
✔ proxy-backed Headers brand method is rejected without executing traps (106.110527ms)
✔ ordinary throwing Headers brand method is rejected before execution (99.006995ms)
✔ concise spoofed Headers brand method is rejected without execution (96.741743ms)
✔ replacement Headers constructor cannot borrow the genuine prototype authority (98.288302ms)
✔ module-owned URL probe survives a missing ambient URL constructor (108.369683ms)
✔ proxy-backed replacement constructor prototype is never inspected (106.417761ms)
✔ poisoned String includes is not probe authority (94.360631ms)
✔ module-owned URLSearchParams probe works without the ambient constructor (92.176401ms)
✔ URLPattern brand detection does not depend on its ambient getter shape (96.850458ms)
✔ untrusted lazy Headers accessor is rejected without executing it (99.333867ms)
✔ module-owned Blob slice authenticates rewritten Blob without rejecting plain data (113.116904ms)
✔ prototype-rewritten AbortController uses captured private-brand authority (94.217773ms)
✔ untrusted lazy AbortController accessor fails closed without execution (67.617507ms)
✔ valid pack compiles to engine format (3.909019ms)
✔ empty pack compiles safely (1.271267ms)
✔ pack metadata is validated (0.9802ms)
✔ sparse packs are rejected (0.310694ms)
✔ entire pack validates before mutations execute (0.504437ms)
✔ validated pack is snapshotted before mutation execution (0.586511ms)
✔ each mutation receives isolated canonical data (0.727525ms)
✔ shared returned objects are isolated (0.546967ms)
✔ compiled mutable outputs are deeply frozen (2.604139ms)
✔ protection checks receive isolated canonical data (0.808388ms)
✔ compiled pack works with the improvement loop (0.933643ms)
✔ async mutation callbacks are rejected before execution (0.292339ms)
✔ async protection callbacks are rejected before mutation execution (0.821682ms)
✔ generator callbacks are rejected before mutation execution (0.304662ms)
✔ bound callback wrappers are rejected (0.231324ms)
✔ native Promise mutation results are rejected safely (24.022928ms)
✔ native Promise protection results are rejected safely (1.647213ms)
✔ protection results must be boolean (0.404981ms)
✔ Proxy data is rejected before traps execute (0.223429ms)
✔ accessor-backed data is rejected without invoking getters (0.233168ms)
✔ metadata accessors and top-level option accessors are rejected without invocation (0.429516ms)
✔ ordinary cross-realm objects and arrays are canonicalized (3.139553ms)
✔ custom runtime object types are rejected by the canonical boundary (0.582593ms)
✔ runtime extensibility and frozen descriptor state are normalized (0.476424ms)
✔ inherited runtime state is ignored while own data is preserved (1.083153ms)
✔ own non-function then fields remain ordinary data (0.300545ms)
✔ functions cannot appear inside canonical data (0.209694ms)
✔ symbol and non-enumerable own properties are rejected (0.302668ms)
✔ cycles and shared references survive canonicalization (0.317145ms)
✔ callbacks receive an inert this receiver (0.257995ms)
✔ 20k distinct ordinary objects stay within a practical linear-time budget (106.848124ms)
✔ deep canonical graphs do not depend on the JavaScript call stack (146.390645ms)
✔ packed npm artifact works for an external consumer (1605.690853ms)
✔ packed npm artifact exposes contract attacks to an external consumer (1397.989179ms)
✔ packed npm artifact exposes contract remediation to an external consumer (1438.765743ms)
✔ factory validates options synchronously without calling transport (7.283994ms)
✔ quality-contract adapter integrates with M7 and forwards exact authority once (13.55177ms)
✔ contract-attacks adapter integrates with M8 callback-isolated inputs (47.054466ms)
✔ invocation aliases normalize into distinct detached request branches (5.888955ms)
✔ transport is called once and throw/rejection identity is preserved (6.864016ms)
✔ malformed outer response rejects before output accessor executes (4.013675ms)
✔ returned output is detached in both directions and uses a null prototype root (6.756364ms)
✔ provider output repeated mutable identity rejects (9.179181ms)
✔ unknown thenables and cross-realm Promises reject without assimilation (8.010989ms)
✔ unshieldable Promise constructor rejects without executing its accessor (3.35084ms)
✔ public fulfillment does not execute inherited Object.prototype.then (7.138992ms)
✔ M11 hardening preserves own data and captured authority (6.553132ms)
✔ array projection defines own elements without inherited setters (7.476174ms)
✔ record length participates in provider identity uniqueness (6.054446ms)
✔ projection and detachment remain stack-safe for deep valid AI data (5036.272841ms)
✔ slot-backed runtime brands reject before transport (4.487183ms)
✔ captured Promise brand probe survives util.types mutation (2.428078ms)
✔ provider identity is independent of ambient Set replacement (7.987895ms)
✔ boundary failures use the captured local TypeError constructor (1.856756ms)
✔ public API runs the complete Gotcha improvement loop (3.10085ms)
✔ public API exposes confirmed-contract attacks (36.663627ms)
✔ public API exposes contract remediation and verification (81.558716ms)
✔ draftQualityContract returns a validated AI draft (3.344118ms)
✔ draftQualityContract rejects a generator that changes the task (1.04379ms)
✔ draftQualityContract allows an honest zero-rule draft (1.198761ms)
✔ draftQualityContract rejects duplicate teaching example IDs (0.392808ms)
✔ draftQualityContract rejects evidence that references an unknown example (0.674626ms)
✔ generator receives an isolated copy of teaching examples (0.483998ms)
✔ confirmQualityContract accepts a rule (4.253876ms)
✔ confirmQualityContract lets the human edit a rule (0.356139ms)
✔ confirmQualityContract returns no-active-rules when every rule is rejected (0.700896ms)
✔ confirmQualityContract requires a decision for every proposed rule (0.608733ms)
✔ confirmQualityContract rejects an unknown rule id (0.343685ms)
✔ confirmQualityContract rejects duplicate decisions (0.316564ms)
✔ confirmQualityContract rejects an empty human edit (0.286789ms)
✔ confirmQualityContract handles a zero-rule draft without pretending it is confirmed (0.386917ms)
✔ confirmQualityContract rejects a draft with unknown evidence references (0.261111ms)
✔ draftQualityContract records validated source example ids (0.623541ms)
✔ generator cannot control draft source metadata (0.291919ms)
✔ serialized drafts retain evidence provenance for confirmation (0.509126ms)
✔ confirmQualityContract rejects duplicate source example ids (1.954499ms)
✔ draftQualityContract rejects accessor-backed options without invoking getters (0.364324ms)
✔ draftQualityContract rejects accessor-backed teaching examples without invoking getters (0.305884ms)
✔ draftQualityContract rejects accessor-backed AI drafts without invoking getters (0.348695ms)
✔ confirmQualityContract rejects accessor-backed drafts without invoking getters (0.221736ms)
✔ confirmQualityContract rejects accessor-backed source metadata without invoking getters (0.213932ms)
✔ draftQualityContract rejects accessor-backed rules without invoking getters (0.394711ms)
✔ confirmQualityContract rejects accessor-backed decisions without invoking getters (0.313067ms)
✔ draftQualityContract rejects Proxy teaching example arrays before traps execute (0.248517ms)
✔ draftQualityContract rejects Proxy rule arrays before traps execute (0.502473ms)
✔ draftQualityContract rejects Proxy evidence arrays before traps execute (0.340679ms)
✔ confirmQualityContract rejects Proxy decision arrays before traps execute (0.227918ms)
✔ draftQualityContract rejects non-string teaching notes before generator execution (0.393559ms)
✔ public quickstart delivers the Gotcha moment (118.12007ms)
✔ starter template runs through the public Gotcha API (102.544854ms)
ℹ tests 345
ℹ suites 0
ℹ pass 345
ℹ fail 0
ℹ cancelled 0
ℹ skipped 0
ℹ todo 0
ℹ duration_ms 31750.653303
